EHOOK: query: DESCRIBE FUNCTION convertCharset
PREHOOK: type: DESCFUNCTION
POSTHOOK: query: DESCRIBE FUNCTION convertCharset
POSTHOOK: type: DESCFUNCTION
convertCharset(str, str, str) - Converts the first argument from the second argument character set to the third argument character set
PREHOOK: query: DESC FUNCTION EXTENDED convertCharset
PREHOOK: type: DESCFUNCTION
POSTHOOK: query: DESC FUNCTION EXTENDED convertCharset
POSTHOOK: type: DESCFUNCTION
convertCharset(str, str, str) - Converts the first argument from the second argument character set to the third argument character set
Synonyms: convertcharset
Possible options for the character set are 'US-ASCII', 'ISO-8859-1',
'UTF-8', 'UTF-16BE', 'UTF-16LE', and 'UTF-16'. If either argument
is null, the result will also be null
Function class:org.apache.hadoop.hive.ql.udf.generic.GenericUDFConvertCharset
Function type:BUILTIN
PREHOOK: query: explain select convertCharset('TestConvertCharset1', 'UTF-8', 'US-ASCII')
PREHOOK: type: QUERY
PREHOOK: Input: _dummy_database@_dummy_table
#### A masked pattern was here ####
POSTHOOK: query: explain select convertCharset('TestConvertCharset1', 'UTF-8', 'US-ASCII')
POSTHOOK: type: QUERY
POSTHOOK: Input: _dummy_database@_dummy_table
#### A masked pattern was here ####
STAGE DEPENDENCIES:
  Stage-0 is a root stage

STAGE PLANS:
  Stage: Stage-0
    Fetch Operator
      limit: -1
      Processor Tree:
        TableScan
          alias: _dummy_table
          Row Limit Per Split: 1
          Select Operator
            expressions: 'TestConvertCharset1' (type: string)
            outputColumnNames: _col0
            ListSink

PREHOOK: query: select
convertCharset('TestConvertCharset1', 'UTF-8', 'US-ASCII'),
convertCharset('TestConvertCharset2', cast('UTF-8' as varchar(10)), 'US-ASCII'),
convertCharset('TestConvertCharset3', cast('UTF-8' as char(5)), 'US-ASCII')
PREHOOK: type: QUERY
PREHOOK: Input: _dummy_database@_dummy_table
#### A masked pattern was here ####
POSTHOOK: query: select
convertCharset('TestConvertCharset1', 'UTF-8', 'US-ASCII'),
convertCharset('TestConvertCharset2', cast('UTF-8' as varchar(10)), 'US-ASCII'),
convertCharset('TestConvertCharset3', cast('UTF-8' as char(5)), 'US-ASCII')
POSTHOOK: type: QUERY
POSTHOOK: Input: _dummy_database@_dummy_table
#### A masked pattern was here ####
TestConvertCharset1     TestConvertCharset2     TestConvertCharset3
